// Jest Snapshot v1, https://goo.gl/fbAQLP

exports[`should render as snapshot with status fulfilled 1`] = `
Array [
  <header
    className="MuiPaper-root MuiPaper-elevation MuiPaper-elevation4 MuiAppBar-root MuiAppBar-colorPrimary MuiAppBar-positionStatic css-hip9hq-MuiPaper-root-MuiAppBar-root"
  >
    <div
      className="MuiToolbar-root MuiToolbar-gutters MuiToolbar-regular css-hyum1k-MuiToolbar-root"
    >
      <a
        href="/"
        onClick={[Function]}
      >
        <svg
          aria-hidden={true}
          className="MuiSvgIcon-root MuiSvgIcon-fontSizeMedium css-i4bv87-MuiSvgIcon-root"
          data-testid="HomeIcon"
          focusable="false"
          viewBox="0 0 24 24"
        >
          <path
            d="M10 20v-6h4v6h5v-8h3L12 3 2 12h3v8z"
          />
        </svg>
      </a>
      <a
        className="arrow-back"
        href="/"
        onClick={[Function]}
      >
        <svg
          aria-hidden={true}
          className="MuiSvgIcon-root MuiSvgIcon-fontSizeMedium css-i4bv87-MuiSvgIcon-root"
          data-testid="ArrowBackIcon"
          focusable="false"
          viewBox="0 0 24 24"
        >
          <path
            d="M20 11H7.83l5.59-5.59L12 4l-8 8 8 8 1.41-1.41L7.83 13H20v-2z"
          />
        </svg>
      </a>
      <h1
        className="MuiTypography-root MuiTypography-h1 navbar-title css-sqoje6-MuiTypography-root"
      >
        string
      </h1>
    </div>
  </header>,
  <span
    className="section-title"
  >
    Infos :
  </span>,
  <div
    className="MuiPaper-root MuiPaper-elevation MuiPaper-rounded MuiPaper-elevation3 css-obvova-MuiPaper-root"
  >
    <ul
      className="MuiList-root MuiList-padding character-infos-list css-tfgwdi-MuiList-root"
    >
      <li
        className="MuiListItem-root MuiListItem-gutters css-1xtwiqb-MuiListItem-root"
        disabled={false}
      >
        Gender: string
      </li>
      <li
        className="MuiListItem-root MuiListItem-gutters css-1xtwiqb-MuiListItem-root"
        disabled={false}
      >
        Culture: string
      </li>
      <li
        className="MuiListItem-root MuiListItem-gutters css-1xtwiqb-MuiListItem-root"
        disabled={false}
      >
        Born: string
      </li>
      <li
        className="MuiListItem-root MuiListItem-gutters css-1xtwiqb-MuiListItem-root"
        disabled={false}
      >
        Died: string
      </li>
      <li
        className="MuiListItem-root MuiListItem-gutters css-1xtwiqb-MuiListItem-root"
        disabled={false}
      >
        Titles: string
      </li>
      <li
        className="MuiListItem-root MuiListItem-gutters css-1xtwiqb-MuiListItem-root"
        disabled={false}
      >
        Aliases: string
      </li>
      <li
        className="MuiListItem-root MuiListItem-gutters css-1xtwiqb-MuiListItem-root"
        disabled={false}
      >
        Father: 
      </li>
      <li
        className="MuiListItem-root MuiListItem-gutters css-1xtwiqb-MuiListItem-root"
        disabled={false}
      >
        Mother: 
      </li>
      <li
        className="MuiListItem-root MuiListItem-gutters css-1xtwiqb-MuiListItem-root"
        disabled={false}
      >
        Spouse: 
      </li>
      <li
        className="MuiListItem-root MuiListItem-gutters css-1xtwiqb-MuiListItem-root"
        disabled={false}
      >
        Books: 
      </li>
      <li
        className="MuiListItem-root MuiListItem-gutters css-1xtwiqb-MuiListItem-root"
        disabled={false}
      >
        PovBooks: 
      </li>
      <li
        className="MuiListItem-root MuiListItem-gutters css-1xtwiqb-MuiListItem-root"
        disabled={false}
      >
        TvSeries: string
      </li>
      <li
        className="MuiListItem-root MuiListItem-gutters css-1xtwiqb-MuiListItem-root"
        disabled={false}
      >
        PlayedBy: string
      </li>
    </ul>
  </div>,
]
`;

exports[`should render as snapshot with status pending 1`] = `
Array [
  <div
    className="overlay"
  />,
  <div
    className="MuiPaper-root MuiPaper-elevation MuiPaper-rounded MuiPaper-elevation5 loader css-qh7kl5-MuiPaper-root"
  >
    <svg
      aria-hidden={true}
      className="MuiSvgIcon-root MuiSvgIcon-fontSizeMedium css-i4bv87-MuiSvgIcon-root"
      data-testid="HourglassBottomIcon"
      focusable="false"
      viewBox="0 0 24 24"
    >
      <path
        d="m18 22-.01-6L14 12l3.99-4.01L18 2H6v6l4 4-4 3.99V22h12zM8 7.5V4h8v3.5l-4 4-4-4z"
      />
    </svg>
  </div>,
]
`;

exports[`should render as snapshot with status rejected 1`] = `
<div>
  Book not found
</div>
`;
